// Jest Snapshot v1, https://goo.gl/fbAQLP

exports[`<ContestantsTable> should render component 1`] = `null`;
